[ec2-user@ip-172-31-40-240 ~]$ docker

Usage:  docker [OPTIONS] COMMAND

A self-sufficient runtime for containers

Options:
      --config string      Location of client config files (default "/home/ec2-user/.docker")
  -c, --context string     Name of the context to use to connect to the daemon (overrides DOCKER_HOST env var and default context set with "docker context use")
  -D, --debug              Enable debug mode
  -H, --host list          Daemon socket(s) to connect to
  -l, --log-level string   Set the logging level ("debug"|"info"|"warn"|"error"|"fatal") (default "info")
      --tls                Use TLS; implied by --tlsverify
      --tlscacert string   Trust certs signed only by this CA (default "/home/ec2-user/.docker/ca.pem")
      --tlscert string     Path to TLS certificate file (default "/home/ec2-user/.docker/cert.pem")
      --tlskey string      Path to TLS key file (default "/home/ec2-user/.docker/key.pem")
      --tlsverify          Use TLS and verify the remote
  -v, --version            Print version information and quit

Management Commands:
  builder     Manage builds
  config      Manage Docker configs
  container   Manage containers
  context     Manage contexts
  image       Manage images
  manifest    Manage Docker image manifests and manifest lists
  network     Manage networks
  node        Manage Swarm nodes
  plugin      Manage plugins
  secret      Manage Docker secrets
  service     Manage services
  stack       Manage Docker stacks
  swarm       Manage Swarm
  system      Manage Docker
  trust       Manage trust on Docker images
  volume      Manage volumes

Commands:
  attach      Attach local standard input, output, and error streams to a running container
  build       Build an image from a Dockerfile
  commit      Create a new image from a container's changes
  cp          Copy files/folders between a container and the local filesystem
  create      Create a new container
  diff        Inspect changes to files or directories on a container's filesystem
  events      Get real time events from the server
  exec        Run a command in a running container
  export      Export a container's filesystem as a tar archive
  history     Show the history of an image
  images      List images
  import      Import the contents from a tarball to create a filesystem image
  info        Display system-wide information
  inspect     Return low-level information on Docker objects
  kill        Kill one or more running containers
  load        Load an image from a tar archive or STDIN
  login       Log in to a Docker registry
  logout      Log out from a Docker registry
  logs        Fetch the logs of a container
  pause       Pause all processes within one or more containers
  port        List port mappings or a specific mapping for the container
  ps          List containers
  pull        Pull an image or a repository from a registry
  push        Push an image or a repository to a registry
  rename      Rename a container
  restart     Restart one or more containers
  rm          Remove one or more containers
  rmi         Remove one or more images
  run         Run a command in a new container
  save        Save one or more images to a tar archive (streamed to STDOUT by default)
  search      Search the Docker Hub for images
  start       Start one or more stopped containers
  stats       Display a live stream of container(s) resource usage statistics
  stop        Stop one or more running containers
  tag         Create a tag TARGET_IMAGE that refers to SOURCE_IMAGE
  top         Display the running processes of a container
  unpause     Unpause all processes within one or more containers
  update      Update configuration of one or more containers
  version     Show the Docker version information
  wait        Block until one or more containers stop, then print their exit codes

Run 'docker COMMAND --help' for more information on a command.

To get more help with docker, check out our guides at https://docs.docker.com/go/guides/
[ec2-user@ip-172-31-40-240 ~]$


[ec2-user@ip-172-31-40-240 ~]$ docker info
Client:
 Context:    default
 Debug Mode: false

Server:
 Containers: 2
  Running: 0
  Paused: 0
  Stopped: 2
 Images: 2
 Server Version: 20.10.17
 Storage Driver: overlay2
  Backing Filesystem: xfs
  Supports d_type: true
  Native Overlay Diff: true
  userxattr: false
 Logging Driver: json-file
 Cgroup Driver: cgroupfs
 Cgroup Version: 1
 Plugins:
  Volume: local
  Network: bridge host ipvlan macvlan null overlay
  Log: awslogs fluentd gcplogs gelf journald json-file local logentries splunk syslog
 Swarm: inactive
 Runtimes: io.containerd.runc.v2 io.containerd.runtime.v1.linux runc
 Default Runtime: runc
 Init Binary: docker-init
 containerd version: 9cd3357b7fd7218e4aec3eae239db1f68a5a6ec6
 runc version: 5fd4c4d144137e991c4acebb2146ab1483a97925
 init version: de40ad0
 Security Options:
  seccomp
   Profile: default
 Kernel Version: 5.10.165-143.735.amzn2.x86_64
 Operating System: Amazon Linux 2
 OSType: linux
 Architecture: x86_64
 CPUs: 1
 Total Memory: 964.8MiB
 Name: ip-172-31-40-240.ap-northeast-1.compute.internal
 ID: FPWZ:2TAH:A64G:S7NP:ICHT:MFIB:W4DI:WQU4:7VMD:JYD7:GXIV:GIMB
 Docker Root Dir: /var/lib/docker
 Debug Mode: false
 Registry: https://index.docker.io/v1/
 Labels:
 Experimental: false
 Insecure Registries:
  127.0.0.0/8
 Live Restore Enabled: false

[ec2-user@ip-172-31-40-240 ~]$



[ec2-user@ip-172-31-40-240 ~]$ docker images
REPOSITORY    TAG       IMAGE ID       CREATED         SIZE
nginx         latest    3f8a00f137a0   2 days ago      142MB
hello-world   latest    feb5d9fea6a5   16 months ago   13.3kB
hello-world   linux     feb5d9fea6a5   16 months ago   13.3kB
[ec2-user@ip-172-31-40-240 ~]$


[ec2-user@ip-172-31-40-240 ~]$ docker pull python
Using default tag: latest
latest: Pulling from library/python
1e4aec178e08: Pull complete
6c1024729fee: Pull complete
c3aa11fbc85a: Pull complete
aa54add66b3a: Pull complete
9e3a60c2bce7: Pull complete
3b2123ce9d0d: Pull complete
05df7720fcb8: Pull complete
972ab8743e38: Pull complete
ae9f20f2cd37: Pull complete
Digest: sha256:e7e3b031dbf71514d0a8d759d8417b04f8dcf483aec18d69abd1a2b3955297b6
Status: Downloaded newer image for python:latest
docker.io/library/python:latest
[ec2-user@ip-172-31-40-240 ~]$

[ec2-user@ip-172-31-40-240 ~]$ docker create python
8066ebc2b3d4d43678e1a688aadb71b1e5d819df58aeb422c347fe77011c6b44
[ec2-user@ip-172-31-40-240 ~]$ docker images
REPOSITORY    TAG       IMAGE ID       CREATED         SIZE
python        latest    f92346e0c39e   13 hours ago    925MB
nginx         latest    3f8a00f137a0   2 days ago      142MB
hello-world   latest    feb5d9fea6a5   16 months ago   13.3kB
hello-world   linux     feb5d9fea6a5   16 months ago   13.3kB
[ec2-user@ip-172-31-40-240 ~]$
[ec2-user@ip-172-31-40-240 ~]$
[ec2-user@ip-172-31-40-240 ~]$ docker images -a
REPOSITORY    TAG       IMAGE ID       CREATED         SIZE
python        latest    f92346e0c39e   13 hours ago    925MB
nginx         latest    3f8a00f137a0   2 days ago      142MB
hello-world   latest    feb5d9fea6a5   16 months ago   13.3kB
hello-world   linux     feb5d9fea6a5   16 months ago   13.3kB


[ec2-user@ip-172-31-40-240 ~]$ docker run nginx
/docker-entrypoint.sh: /docker-entrypoint.d/ is not empty, will attempt to perform configuration
/docker-entrypoint.sh: Looking for shell scripts in /docker-entrypoint.d/
/docker-entrypoint.sh: Launching /docker-entrypoint.d/10-listen-on-ipv6-by-default.sh
10-listen-on-ipv6-by-default.sh: info: Getting the checksum of /etc/nginx/conf.d/default.conf
10-listen-on-ipv6-by-default.sh: info: Enabled listen on IPv6 in /etc/nginx/conf.d/default.conf
/docker-entrypoint.sh: Launching /docker-entrypoint.d/20-envsubst-on-templates.sh
/docker-entrypoint.sh: Launching /docker-entrypoint.d/30-tune-worker-processes.sh
/docker-entrypoint.sh: Configuration complete; ready for start up
2023/02/11 15:17:05 [notice] 1#1: using the "epoll" event method
2023/02/11 15:17:05 [notice] 1#1: nginx/1.23.3
2023/02/11 15:17:05 [notice] 1#1: built by gcc 10.2.1 20210110 (Debian 10.2.1-6)
2023/02/11 15:17:05 [notice] 1#1: OS: Linux 5.10.165-143.735.amzn2.x86_64
2023/02/11 15:17:05 [notice] 1#1: getrlimit(RLIMIT_NOFILE): 32768:65536
2023/02/11 15:17:05 [notice] 1#1: start worker processes
2023/02/11 15:17:05 [notice] 1#1: start worker process 29
2023/02/11 15:18:10 [notice] 1#1: signal 3 (SIGQUIT) received, shutting down
2023/02/11 15:18:10 [notice] 29#29: gracefully shutting down
2023/02/11 15:18:10 [notice] 29#29: exiting
2023/02/11 15:18:10 [notice] 29#29: exit
2023/02/11 15:18:10 [notice] 1#1: signal 17 (SIGCHLD) received from 29
2023/02/11 15:18:10 [notice] 1#1: worker process 29 exited with code 0
2023/02/11 15:18:10 [notice] 1#1: exit
[ec2-user@ip-172-31-40-240 ~]$




[ec2-user@ip-172-31-40-240 ~]$ docker ps
CONTAINER ID   IMAGE     COMMAND                  CREATED          STATUS          PORTS     NAMES
592a98e4c70a   nginx     "/docker-entrypoint.…"   20 seconds ago   Up 19 seconds   80/tcp    eloquent_montalcini
[ec2-user@ip-172-31-40-240 ~]$


[ec2-user@ip-172-31-40-240 ~]$ docker pause 592a98e4c70a
592a98e4c70a
[ec2-user@ip-172-31-40-240 ~]$
[ec2-user@ip-172-31-40-240 ~]$
[ec2-user@ip-172-31-40-240 ~]$ docker ps
CONTAINER ID   IMAGE     COMMAND                  CREATED          STATUS                   PORTS     NAMES
592a98e4c70a   nginx     "/docker-entrypoint.…"   35 seconds ago   Up 34 seconds (Paused)   80/tcp    eloquent_montalcini
[ec2-user@ip-172-31-40-240 ~]$


[ec2-user@ip-172-31-40-240 ~]$ docker unpause 592a98e4c70a
592a98e4c70a
[ec2-user@ip-172-31-40-240 ~]$
[ec2-user@ip-172-31-40-240 ~]$
[ec2-user@ip-172-31-40-240 ~]$ docker ps
CONTAINER ID   IMAGE     COMMAND                  CREATED          STATUS          PORTS     NAMES
592a98e4c70a   nginx     "/docker-entrypoint.…"   47 seconds ago   Up 46 seconds   80/tcp    eloquent_montalcini
[ec2-user@ip-172-31-40-240 ~]$



[ec2-user@ip-172-31-40-240 ~]$ docker stop 592a98e4c70a
592a98e4c70a
[ec2-user@ip-172-31-40-240 ~]$
[ec2-user@ip-172-31-40-240 ~]$
[ec2-user@ip-172-31-40-240 ~]$ docker ps
CONTAINER ID   IMAGE     COMMAND   CREATED   STATUS    PORTS     NAMES
[ec2-user@ip-172-31-40-240 ~]$



[ec2-user@ip-172-31-40-240 ~]$ docker rm 592a98e4c70a
592a98e4c70a
[ec2-user@ip-172-31-40-240 ~]$



[ec2-user@ip-172-31-40-240 ~]$
[ec2-user@ip-172-31-40-240 ~]$ docker history nginx
IMAGE          CREATED      CREATED BY                                      SIZE      COMMENT
3f8a00f137a0   2 days ago   /bin/sh -c #(nop)  CMD ["nginx" "-g" "daemon…   0B
<missing>      2 days ago   /bin/sh -c #(nop)  STOPSIGNAL SIGQUIT           0B
<missing>      2 days ago   /bin/sh -c #(nop)  EXPOSE 80                    0B
<missing>      2 days ago   /bin/sh -c #(nop)  ENTRYPOINT ["/docker-entr…   0B
<missing>      2 days ago   /bin/sh -c #(nop) COPY file:e57eef017a414ca7…   4.62kB
<missing>      2 days ago   /bin/sh -c #(nop) COPY file:abbcbf84dc17ee44…   1.27kB
<missing>      2 days ago   /bin/sh -c #(nop) COPY file:5c18272734349488…   2.12kB
<missing>      2 days ago   /bin/sh -c #(nop) COPY file:7b307b62e82255f0…   1.62kB
<missing>      2 days ago   /bin/sh -c set -x     && addgroup --system -…   61.3MB
<missing>      2 days ago   /bin/sh -c #(nop)  ENV PKG_RELEASE=1~bullseye   0B
<missing>      2 days ago   /bin/sh -c #(nop)  ENV NJS_VERSION=0.7.9        0B
<missing>      2 days ago   /bin/sh -c #(nop)  ENV NGINX_VERSION=1.23.3     0B
<missing>      2 days ago   /bin/sh -c #(nop)  LABEL maintainer=NGINX Do…   0B
<missing>      2 days ago   /bin/sh -c #(nop)  CMD ["bash"]                 0B
<missing>      2 days ago   /bin/sh -c #(nop) ADD file:3ea7c69e4bfac2ebb…   80.5MB
[ec2-user@ip-172-31-40-240 ~]$




[ec2-user@ip-172-31-40-240 ~]$ docker --version
Docker version 20.10.17, build 100c701



[ec2-user@ip-172-31-40-240 ~]$
[ec2-user@ip-172-31-40-240 ~]$ docker version
Client:
 Version:           20.10.17
 API version:       1.41
 Go version:        go1.18.6
 Git commit:        100c701
 Built:             Sat Dec  3 04:13:49 2022
 OS/Arch:           linux/amd64
 Context:           default
 Experimental:      true

Server:
 Engine:
  Version:          20.10.17
  API version:      1.41 (minimum version 1.12)
  Go version:       go1.18.6
  Git commit:       a89b842
  Built:            Sat Dec  3 04:14:27 2022
  OS/Arch:          linux/amd64
  Experimental:     false
 containerd:
  Version:          1.6.8
  GitCommit:        9cd3357b7fd7218e4aec3eae239db1f68a5a6ec6
 runc:
  Version:          1.1.4
  GitCommit:        5fd4c4d144137e991c4acebb2146ab1483a97925
 docker-init:
  Version:          0.19.0
  GitCommit:        de40ad0
[ec2-user@ip-172-31-40-240 ~]$



[ec2-user@ip-172-31-40-240 ~]$ docker pull ubuntu
Using default tag: latest
latest: Pulling from library/ubuntu
677076032cca: Pull complete
Digest: sha256:9a0bdde4188b896a372804be2384015e90e3f84906b750c1a53539b585fbbe7f
Status: Downloaded newer image for ubuntu:latest
docker.io/library/ubuntu:latest



[ec2-user@ip-172-31-40-240 ~]$ docker run -it -d ubuntu
14e63a9d80bb4430b59f89d4636bb46200b0a1b54656229bc88b8bb6530af1f8
[ec2-user@ip-172-31-40-240 ~]$



[ec2-user@ip-172-31-40-240 ~]$ docker ps
CONTAINER ID   IMAGE     COMMAND       CREATED          STATUS          PORTS     NAMES
14e63a9d80bb   ubuntu    "/bin/bash"   18 seconds ago   Up 17 seconds             hungry_cannon
[ec2-user@ip-172-31-40-240 ~]$
[ec2-user@ip-172-31-40-240 ~]$



[ec2-user@ip-172-31-40-240 ~]$ docker ps -a
CONTAINER ID   IMAGE         COMMAND                  CREATED          STATUS                      PORTS     NAMES
14e63a9d80bb   ubuntu        "/bin/bash"              24 seconds ago   Up 24 seconds                         hungry_cannon
a75d749d509d   nginx         "/docker-entrypoint.…"   9 minutes ago    Exited (0) 9 minutes ago              zealous_wescoff
6affc577edf2   python        "python3"                12 minutes ago   Exited (0) 12 minutes ago             hopeful_shtern
8066ebc2b3d4   python        "python3"                13 minutes ago   Created                               agitated_hopper
fae48b818cb3   hello-world   "/hello"                 9 hours ago      Exited (0) 9 hours ago                thirsty_elgamal
597a2f6dfb36   hello-world   "/hello"                 10 hours ago     Exited (0) 10 hours ago               stoic_engelbart
[ec2-user@ip-172-31-40-240 ~]$
[ec2-user@ip-172-31-40-240 ~]$



[ec2-user@ip-172-31-40-240 ~]$ docker exec -it 14e63a9d80bb bash
root@14e63a9d80bb:/#
root@14e63a9d80bb:/#
root@14e63a9d80bb:/# ls
bin  boot  dev  etc  home  lib  lib32  lib64  libx32  media  mnt  opt  proc  root  run  sbin  srv  sys  tmp  usr  var
root@14e63a9d80bb:/#
root@14e63a9d80bb:/#
root@14e63a9d80bb:/# whoami
root
root@14e63a9d80bb:/#
root@14e63a9d80bb:/#
root@14e63a9d80bb:/# pwd
/
root@14e63a9d80bb:/#
root@14e63a9d80bb:/# exit
exit
[ec2-user@ip-172-31-40-240 ~]$



[ec2-user@ip-172-31-40-240 ~]$ docker stop 14e63a9d80bb
14e63a9d80bb
[ec2-user@ip-172-31-40-240 ~]$
[ec2-user@ip-172-31-40-240 ~]$
[ec2-user@ip-172-31-40-240 ~]$ docker login
Login with your Docker ID to push and pull images from Docker Hub. If you don't have a Docker ID, head over to https://hub.docker.com to create one.
Username: arpana95
Password:
WARNING! Your password will be stored unencrypted in /home/ec2-user/.docker/config.json.
Configure a credential helper to remove this warning. See
https://docs.docker.com/engine/reference/commandline/login/#credentials-store

Login Succeeded
[ec2-user@ip-172-31-40-240 ~]$



==============================================================================================================
Cheat Sheet Docker commands
==============================================================================================================

[root@ip-172-31-1-135 ~]# docker pull python
Using default tag: latest
latest: Pulling from library/python
1e4aec178e08: Pull complete
6c1024729fee: Pull complete
c3aa11fbc85a: Pull complete
aa54add66b3a: Pull complete
9e3a60c2bce7: Pull complete
3b2123ce9d0d: Pull complete
05df7720fcb8: Pull complete
972ab8743e38: Pull complete
c6510153b089: Pull complete
Digest: sha256:86b2fe5e3cf5b979f4b21849ad340762f4a15129583c8134c6c2dc4a880942e6
Status: Downloaded newer image for python:latest
docker.io/library/python:latest
[root@ip-172-31-1-135 ~]#



[root@ip-172-31-1-135 ~]# docker login
Login with your Docker ID to push and pull images from Docker Hub. If you don't have a Docker ID, head over to https://hub.docker.com to create one.
Username: arpana95
Password:
WARNING! Your password will be stored unencrypted in /root/.docker/config.json.
Configure a credential helper to remove this warning. See
https://docs.docker.com/engine/reference/commandline/login/#credentials-store

Login Succeeded
[root@ip-172-31-1-135 ~]#



[root@ip-172-31-1-135 ~]# docker images
REPOSITORY   TAG       IMAGE ID       CREATED        SIZE
python       latest    a41622906035   30 hours ago   925MB
[root@ip-172-31-1-135 ~]#
[root@ip-172-31-1-135 ~]#
[root@ip-172-31-1-135 ~]# docker rmi python
Untagged: python:latest
Untagged: python@sha256:86b2fe5e3cf5b979f4b21849ad340762f4a15129583c8134c6c2dc4a880942e6
Deleted: sha256:a416229060357ae18953015f42a134fb3199f736a649abb664f81e3437f83518
Deleted: sha256:ad0aaa3cea2f48971b0a5ad2ebf6f7cb3b84c4837b2202420acbf0aea448ced6
Deleted: sha256:cf0c9aff5d6ed2d7bfcaffe5fc416e34a4981f77c6be1e0277ca4bbb14d92238
Deleted: sha256:b60520bcb85e60c38068bc182cc50a72d892f4488d18e54e7d15701a4724ca0e
Deleted: sha256:1206fedb18cbf5670a8ee6e0e6bea74643a2363d2c740f85f4b3961af0684bc9
Deleted: sha256:feef80ae1b9a4a49dfa5e41181caf683ab3dae44dc8b5c2fdafc4a4fb364d242
Deleted: sha256:35a162afcf7f923ad76bbcc532ebc3500d4c2fe2c045c2fc88e741a58197bf09
Deleted: sha256:9259e53dcd6f94d6d38111d2385de52014e38e4bfce49f5639fb3d6f9a58b430
Deleted: sha256:d78294ee5a46abcc2a8eb9bb1edb333604e57bd7cab95c8b9821038c6d506b1c
Deleted: sha256:8e396a1aad506affc6fa1b7c7b8ee75b54b78019e0a945e6ac52e3dc407e0766
[root@ip-172-31-1-135 ~]#
[root@ip-172-31-1-135 ~]#
[root@ip-172-31-1-135 ~]# docker images
REPOSITORY   TAG       IMAGE ID   CREATED   SIZE
[root@ip-172-31-1-135 ~]#
[root@ip-172-31-1-135 ~]#





[root@ip-172-31-1-135 ~]# docker images
REPOSITORY    TAG       IMAGE ID       CREATED         SIZE
postgres      latest    680aba37fd0f   2 weeks ago     379MB
nginx         latest    3f8a00f137a0   2 weeks ago     142MB
ubuntu        latest    58db3edaf2be   4 weeks ago     77.8MB
hello-world   latest    feb5d9fea6a5   17 months ago   13.3kB
[root@ip-172-31-1-135 ~]#
[root@ip-172-31-1-135 ~]#
[root@ip-172-31-1-135 ~]# docker run ubuntu
[root@ip-172-31-1-135 ~]#
[root@ip-172-31-1-135 ~]# docker run -it -d nginx
1e272f2af832bc796586947916130973a231724da20243e6e27a3fd874c17677
[root@ip-172-31-1-135 ~]#
[root@ip-172-31-1-135 ~]# docker ps
CONTAINER ID   IMAGE     COMMAND                  CREATED          STATUS          PORTS     NAMES
1e272f2af832   nginx     "/docker-entrypoint.…"   56 seconds ago   Up 55 seconds   80/tcp    tender_ramanujan
[root@ip-172-31-1-135 ~]#
[root@ip-172-31-1-135 ~]#
[root@ip-172-31-1-135 ~]# docker image prune -a
WARNING! This will remove all images without at least one container associated to them.
Are you sure you want to continue? [y/N] y
Deleted Images:
untagged: postgres:latest
untagged: postgres@sha256:901df890146ec46a5cab7a33f4ac84e81bac2fe92b2c9a14fd649502c4adf954
deleted: sha256:680aba37fd0f0766e7568a00daf18cfd4916c2689def0f17962a3e1508c22856
deleted: sha256:9a00e97279b766fc13ad40d3ef80c1b2fb1805f08ceb57a0248e67cf9d481e06
deleted: sha256:5a4ee6c2f6777b8a83fc74a5dba7af04f832610c4858a0e139704f43085a5464
deleted: sha256:315cff3b66b840eee09a0498fbc030c613336b34a4101e7e8869c24ab7110fcf
deleted: sha256:842e4c2fa3c330d578eb71d1c5b7b43c70475c9866993197ff927ba0d5c1c585
deleted: sha256:d4be3475bcb7c3ff1d2be36dded7fac194f0660a1f366cdacd3132ab7843c2b8
deleted: sha256:c34d2bb5859982dc4bfacda4a6e3495ab332f20feadd14f787d9a4554fe4497e
deleted: sha256:72d18d5f5ae5fe231f601fa82ff6f09faec131fa1d38c2502f60a53746ec5162
deleted: sha256:85bcba56e3e4bf1c4c76a15916982b100f11a17fd2f21454be9bba659ff9a158
deleted: sha256:887d8188c9912617a44f5b279d480047e77bbcb2149179daa77d02256cda1b40
deleted: sha256:ea7340bfffbafe371e32387ad017769c55d9e48094d7595a5a34fc1abdaf1dba
deleted: sha256:f6558494ff260d4d465e05fa6153a8e45d11e4ada009a738f4600bdcf3b3ea9e
deleted: sha256:a3ce72647981e6eb91b1748b067945a5a83e7055acc7f53952ef3b98671f7403
untagged: hello-world:latest
untagged: hello-world@sha256:6e8b6f026e0b9c419ea0fd02d3905dd0952ad1feea67543f525c73a0a790fefb
deleted: sha256:feb5d9fea6a5e9606aa995e879d862b825965ba48de054caab5ef356dc6b3412
deleted: sha256:e07ee1baac5fae6a26f30cabfe54a36d3402f96afda318fe0a96cec4ca393359

Total reclaimed space: 298.2MB
[root@ip-172-31-1-135 ~]#
[root@ip-172-31-1-135 ~]#
[root@ip-172-31-1-135 ~]# docker images
REPOSITORY   TAG       IMAGE ID       CREATED       SIZE
nginx        latest    3f8a00f137a0   2 weeks ago   142MB
ubuntu       latest    58db3edaf2be   4 weeks ago   77.8MB
[root@ip-172-31-1-135 ~]#
[root@ip-172-31-1-135 ~]#





[root@ip-172-31-1-135 test]# docker build .
Sending build context to Docker daemon  2.048kB
Step 1/5 : FROM ubuntu
 ---> 58db3edaf2be
Step 2/5 : MAINTAINER arpanadandin@gmail.com
 ---> Running in 1eb5f9a29887
Removing intermediate container 1eb5f9a29887
 ---> 55da05b1f087
Step 3/5 : RUN apt-get update
 ---> Running in 77e6d78a0404
Get:1 http://archive.ubuntu.com/ubuntu jammy InRelease [270 kB]
Get:2 http://security.ubuntu.com/ubuntu jammy-security InRelease [110 kB]
Get:3 http://archive.ubuntu.com/ubuntu jammy-updates InRelease [119 kB]
Get:4 http://security.ubuntu.com/ubuntu jammy-security/restricted amd64 Packages [752 kB]
Get:5 http://archive.ubuntu.com/ubuntu jammy-backports InRelease [107 kB]
Get:6 http://archive.ubuntu.com/ubuntu jammy/multiverse amd64 Packages [266 kB]
Get:7 http://archive.ubuntu.com/ubuntu jammy/universe amd64 Packages [17.5 MB]
Get:8 http://security.ubuntu.com/ubuntu jammy-security/multiverse amd64 Packages [5557 B]
Get:9 http://security.ubuntu.com/ubuntu jammy-security/main amd64 Packages [807 kB]
Get:10 http://security.ubuntu.com/ubuntu jammy-security/universe amd64 Packages [860 kB]
Get:11 http://archive.ubuntu.com/ubuntu jammy/main amd64 Packages [1792 kB]
Get:12 http://archive.ubuntu.com/ubuntu jammy/restricted amd64 Packages [164 kB]
Get:13 http://archive.ubuntu.com/ubuntu jammy-updates/main amd64 Packages [1136 kB]
Get:14 http://archive.ubuntu.com/ubuntu jammy-updates/restricted amd64 Packages [808 kB]
Get:15 http://archive.ubuntu.com/ubuntu jammy-updates/multiverse amd64 Packages [10.9 kB]
Get:16 http://archive.ubuntu.com/ubuntu jammy-updates/universe amd64 Packages [1095 kB]
Get:17 http://archive.ubuntu.com/ubuntu jammy-backports/universe amd64 Packages [22.4 kB]
Get:18 http://archive.ubuntu.com/ubuntu jammy-backports/main amd64 Packages [49.0 kB]
Fetched 25.8 MB in 5s (5246 kB/s)
Reading package lists...
Removing intermediate container 77e6d78a0404
 ---> 46357b3dea5f
Step 4/5 : RUN apt-get install nginx -y
 ---> Running in 1d9a6601ed26
Reading package lists...
Building dependency tree...
Reading state information...
The following additional packages will be installed:
  fontconfig-config fonts-dejavu-core iproute2 libatm1 libbpf0 libbrotli1
  libbsd0 libcap2-bin libdeflate0 libelf1 libexpat1 libfontconfig1
  libfreetype6 libgd3 libicu70 libjbig0 libjpeg-turbo8 libjpeg8 libmaxminddb0
  libmd0 libmnl0 libnginx-mod-http-geoip2 libnginx-mod-http-image-filter
  libnginx-mod-http-xslt-filter libnginx-mod-mail libnginx-mod-stream
  libnginx-mod-stream-geoip2 libpam-cap libpng16-16 libtiff5 libwebp7 libx11-6
  libx11-data libxau6 libxcb1 libxdmcp6 libxml2 libxpm4 libxslt1.1
  libxtables12 nginx-common nginx-core ucf
Suggested packages:
  iproute2-doc libgd-tools mmdb-bin fcgiwrap nginx-doc ssl-cert
The following NEW packages will be installed:
  fontconfig-config fonts-dejavu-core iproute2 libatm1 libbpf0 libbrotli1
  libbsd0 libcap2-bin libdeflate0 libelf1 libexpat1 libfontconfig1
  libfreetype6 libgd3 libicu70 libjbig0 libjpeg-turbo8 libjpeg8 libmaxminddb0
  libmd0 libmnl0 libnginx-mod-http-geoip2 libnginx-mod-http-image-filter
  libnginx-mod-http-xslt-filter libnginx-mod-mail libnginx-mod-stream
  libnginx-mod-stream-geoip2 libpam-cap libpng16-16 libtiff5 libwebp7 libx11-6
  libx11-data libxau6 libxcb1 libxdmcp6 libxml2 libxpm4 libxslt1.1
  libxtables12 nginx nginx-common nginx-core ucf
0 upgraded, 44 newly installed, 0 to remove and 6 not upgraded.
Need to get 17.5 MB of archives.
After this operation, 56.4 MB of additional disk space will be used.
Get:1 http://archive.ubuntu.com/ubuntu jammy/main amd64 libelf1 amd64 0.186-1build1 [51.0 kB]
Get:2 http://archive.ubuntu.com/ubuntu jammy-updates/main amd64 libbpf0 amd64 1:0.5.0-1ubuntu22.04.1 [140 kB]
Get:3 http://archive.ubuntu.com/ubuntu jammy/main amd64 libmd0 amd64 1.0.4-1build1 [23.0 kB]
Get:4 http://archive.ubuntu.com/ubuntu jammy/main amd64 libbsd0 amd64 0.11.5-1 [44.8 kB]
Get:5 http://archive.ubuntu.com/ubuntu jammy/main amd64 libmnl0 amd64 1.0.4-3build2 [13.2 kB]
Get:6 http://archive.ubuntu.com/ubuntu jammy/main amd64 libxtables12 amd64 1.8.7-1ubuntu5 [31.2 kB]
Get:7 http://archive.ubuntu.com/ubuntu jammy/main amd64 libcap2-bin amd64 1:2.44-1build3 [26.0 kB]
Get:8 http://archive.ubuntu.com/ubuntu jammy/main amd64 iproute2 amd64 5.15.0-1ubuntu2 [1070 kB]
Get:9 http://archive.ubuntu.com/ubuntu jammy/main amd64 libatm1 amd64 1:2.5.1-4build2 [22.8 kB]
Get:10 http://archive.ubuntu.com/ubuntu jammy-updates/main amd64 libexpat1 amd64 2.4.7-1ubuntu0.2 [91.0 kB]
Get:11 http://archive.ubuntu.com/ubuntu jammy/main amd64 libicu70 amd64 70.1-2 [10.6 MB]
Get:12 http://archive.ubuntu.com/ubuntu jammy/main amd64 libpam-cap amd64 1:2.44-1build3 [7932 B]
Get:13 http://archive.ubuntu.com/ubuntu jammy-updates/main amd64 libxml2 amd64 2.9.13+dfsg-1ubuntu0.2 [764 kB]
Get:14 http://archive.ubuntu.com/ubuntu jammy/main amd64 ucf all 3.0043 [56.1 kB]
Get:15 http://archive.ubuntu.com/ubuntu jammy/main amd64 libmaxminddb0 amd64 1.5.2-1build2 [24.7 kB]
Get:16 http://archive.ubuntu.com/ubuntu jammy/main amd64 libpng16-16 amd64 1.6.37-3build5 [191 kB]
Get:17 http://archive.ubuntu.com/ubuntu jammy/main amd64 libxau6 amd64 1:1.0.9-1build5 [7634 B]
Get:18 http://archive.ubuntu.com/ubuntu jammy/main amd64 libxdmcp6 amd64 1:1.1.3-0ubuntu5 [10.9 kB]
Get:19 http://archive.ubuntu.com/ubuntu jammy/main amd64 libxcb1 amd64 1.14-3ubuntu3 [49.0 kB]
Get:20 http://archive.ubuntu.com/ubuntu jammy/main amd64 libx11-data all 2:1.7.5-1 [119 kB]
Get:21 http://archive.ubuntu.com/ubuntu jammy/main amd64 libx11-6 amd64 2:1.7.5-1 [666 kB]
Get:22 http://archive.ubuntu.com/ubuntu jammy/main amd64 fonts-dejavu-core all 2.37-2build1 [1041 kB]
Get:23 http://archive.ubuntu.com/ubuntu jammy/main amd64 fontconfig-config all 2.13.1-4.2ubuntu5 [29.1 kB]
Get:24 http://archive.ubuntu.com/ubuntu jammy/main amd64 libbrotli1 amd64 1.0.9-2build6 [315 kB]
Get:25 http://archive.ubuntu.com/ubuntu jammy/main amd64 libdeflate0 amd64 1.10-2 [70.9 kB]
Get:26 http://archive.ubuntu.com/ubuntu jammy-updates/main amd64 libfreetype6 amd64 2.11.1+dfsg-1ubuntu0.1 [389 kB]
Get:27 http://archive.ubuntu.com/ubuntu jammy/main amd64 libfontconfig1 amd64 2.13.1-4.2ubuntu5 [131 kB]
Get:28 http://archive.ubuntu.com/ubuntu jammy/main amd64 libjpeg-turbo8 amd64 2.1.2-0ubuntu1 [134 kB]
Get:29 http://archive.ubuntu.com/ubuntu jammy/main amd64 libjpeg8 amd64 8c-2ubuntu10 [2264 B]
Get:30 http://archive.ubuntu.com/ubuntu jammy-updates/main amd64 libjbig0 amd64 2.1-3.1ubuntu0.22.04.1 [29.2 kB]
Get:31 http://archive.ubuntu.com/ubuntu jammy/main amd64 libwebp7 amd64 1.2.2-2 [206 kB]
Get:32 http://archive.ubuntu.com/ubuntu jammy-updates/main amd64 libtiff5 amd64 4.3.0-6ubuntu0.3 [183 kB]
Get:33 http://archive.ubuntu.com/ubuntu jammy-updates/main amd64 libxpm4 amd64 1:3.5.12-1ubuntu0.22.04.1 [36.4 kB]
Get:34 http://archive.ubuntu.com/ubuntu jammy/main amd64 libgd3 amd64 2.3.0-2ubuntu2 [129 kB]
Get:35 http://archive.ubuntu.com/ubuntu jammy-updates/main amd64 nginx-common all 1.18.0-6ubuntu14.3 [40.0 kB]
Get:36 http://archive.ubuntu.com/ubuntu jammy-updates/main amd64 libnginx-mod-http-geoip2 amd64 1.18.0-6ubuntu14.3 [11.9 kB]
Get:37 http://archive.ubuntu.com/ubuntu jammy-updates/main amd64 libnginx-mod-http-image-filter amd64 1.18.0-6ubuntu14.3 [15.4 kB]
Get:38 http://archive.ubuntu.com/ubuntu jammy-updates/main amd64 libxslt1.1 amd64 1.1.34-4ubuntu0.22.04.1 [164 kB]
Get:39 http://archive.ubuntu.com/ubuntu jammy-updates/main amd64 libnginx-mod-http-xslt-filter amd64 1.18.0-6ubuntu14.3 [13.7 kB]
Get:40 http://archive.ubuntu.com/ubuntu jammy-updates/main amd64 libnginx-mod-mail amd64 1.18.0-6ubuntu14.3 [45.7 kB]
Get:41 http://archive.ubuntu.com/ubuntu jammy-updates/main amd64 libnginx-mod-stream amd64 1.18.0-6ubuntu14.3 [72.8 kB]
Get:42 http://archive.ubuntu.com/ubuntu jammy-updates/main amd64 libnginx-mod-stream-geoip2 amd64 1.18.0-6ubuntu14.3 [10.1 kB]
Get:43 http://archive.ubuntu.com/ubuntu jammy-updates/main amd64 nginx-core amd64 1.18.0-6ubuntu14.3 [482 kB]
Get:44 http://archive.ubuntu.com/ubuntu jammy-updates/main amd64 nginx amd64 1.18.0-6ubuntu14.3 [3882 B]
debconf: delaying package configuration, since apt-utils is not installed
Fetched 17.5 MB in 9s (1898 kB/s)
Selecting previously unselected package libelf1:amd64.
(Reading database ... 4395 files and directories currently installed.)
Preparing to unpack .../00-libelf1_0.186-1build1_amd64.deb ...
Unpacking libelf1:amd64 (0.186-1build1) ...
Selecting previously unselected package libbpf0:amd64.
Preparing to unpack .../01-libbpf0_1%3a0.5.0-1ubuntu22.04.1_amd64.deb ...
Unpacking libbpf0:amd64 (1:0.5.0-1ubuntu22.04.1) ...
Selecting previously unselected package libmd0:amd64.
Preparing to unpack .../02-libmd0_1.0.4-1build1_amd64.deb ...
Unpacking libmd0:amd64 (1.0.4-1build1) ...
Selecting previously unselected package libbsd0:amd64.
Preparing to unpack .../03-libbsd0_0.11.5-1_amd64.deb ...
Unpacking libbsd0:amd64 (0.11.5-1) ...
Selecting previously unselected package libmnl0:amd64.
Preparing to unpack .../04-libmnl0_1.0.4-3build2_amd64.deb ...
Unpacking libmnl0:amd64 (1.0.4-3build2) ...
Selecting previously unselected package libxtables12:amd64.
Preparing to unpack .../05-libxtables12_1.8.7-1ubuntu5_amd64.deb ...
Unpacking libxtables12:amd64 (1.8.7-1ubuntu5) ...
Selecting previously unselected package libcap2-bin.
Preparing to unpack .../06-libcap2-bin_1%3a2.44-1build3_amd64.deb ...
Unpacking libcap2-bin (1:2.44-1build3) ...
Selecting previously unselected package iproute2.
Preparing to unpack .../07-iproute2_5.15.0-1ubuntu2_amd64.deb ...
Unpacking iproute2 (5.15.0-1ubuntu2) ...
Selecting previously unselected package libatm1:amd64.
Preparing to unpack .../08-libatm1_1%3a2.5.1-4build2_amd64.deb ...
Unpacking libatm1:amd64 (1:2.5.1-4build2) ...
Selecting previously unselected package libexpat1:amd64.
Preparing to unpack .../09-libexpat1_2.4.7-1ubuntu0.2_amd64.deb ...
Unpacking libexpat1:amd64 (2.4.7-1ubuntu0.2) ...
Selecting previously unselected package libicu70:amd64.
Preparing to unpack .../10-libicu70_70.1-2_amd64.deb ...
Unpacking libicu70:amd64 (70.1-2) ...
Selecting previously unselected package libpam-cap:amd64.
Preparing to unpack .../11-libpam-cap_1%3a2.44-1build3_amd64.deb ...
Unpacking libpam-cap:amd64 (1:2.44-1build3) ...
Selecting previously unselected package libxml2:amd64.
Preparing to unpack .../12-libxml2_2.9.13+dfsg-1ubuntu0.2_amd64.deb ...
Unpacking libxml2:amd64 (2.9.13+dfsg-1ubuntu0.2) ...
Selecting previously unselected package ucf.
Preparing to unpack .../13-ucf_3.0043_all.deb ...
Moving old data out of the way
Unpacking ucf (3.0043) ...
Selecting previously unselected package libmaxminddb0:amd64.
Preparing to unpack .../14-libmaxminddb0_1.5.2-1build2_amd64.deb ...
Unpacking libmaxminddb0:amd64 (1.5.2-1build2) ...
Selecting previously unselected package libpng16-16:amd64.
Preparing to unpack .../15-libpng16-16_1.6.37-3build5_amd64.deb ...
Unpacking libpng16-16:amd64 (1.6.37-3build5) ...
Selecting previously unselected package libxau6:amd64.
Preparing to unpack .../16-libxau6_1%3a1.0.9-1build5_amd64.deb ...
Unpacking libxau6:amd64 (1:1.0.9-1build5) ...
Selecting previously unselected package libxdmcp6:amd64.
Preparing to unpack .../17-libxdmcp6_1%3a1.1.3-0ubuntu5_amd64.deb ...
Unpacking libxdmcp6:amd64 (1:1.1.3-0ubuntu5) ...
Selecting previously unselected package libxcb1:amd64.
Preparing to unpack .../18-libxcb1_1.14-3ubuntu3_amd64.deb ...
Unpacking libxcb1:amd64 (1.14-3ubuntu3) ...
Selecting previously unselected package libx11-data.
Preparing to unpack .../19-libx11-data_2%3a1.7.5-1_all.deb ...
Unpacking libx11-data (2:1.7.5-1) ...
Selecting previously unselected package libx11-6:amd64.
Preparing to unpack .../20-libx11-6_2%3a1.7.5-1_amd64.deb ...
Unpacking libx11-6:amd64 (2:1.7.5-1) ...
Selecting previously unselected package fonts-dejavu-core.
Preparing to unpack .../21-fonts-dejavu-core_2.37-2build1_all.deb ...
Unpacking fonts-dejavu-core (2.37-2build1) ...
Selecting previously unselected package fontconfig-config.
Preparing to unpack .../22-fontconfig-config_2.13.1-4.2ubuntu5_all.deb ...
Unpacking fontconfig-config (2.13.1-4.2ubuntu5) ...
Selecting previously unselected package libbrotli1:amd64.
Preparing to unpack .../23-libbrotli1_1.0.9-2build6_amd64.deb ...
Unpacking libbrotli1:amd64 (1.0.9-2build6) ...
Selecting previously unselected package libdeflate0:amd64.
Preparing to unpack .../24-libdeflate0_1.10-2_amd64.deb ...
Unpacking libdeflate0:amd64 (1.10-2) ...
Selecting previously unselected package libfreetype6:amd64.
Preparing to unpack .../25-libfreetype6_2.11.1+dfsg-1ubuntu0.1_amd64.deb ...
Unpacking libfreetype6:amd64 (2.11.1+dfsg-1ubuntu0.1) ...
Selecting previously unselected package libfontconfig1:amd64.
Preparing to unpack .../26-libfontconfig1_2.13.1-4.2ubuntu5_amd64.deb ...
Unpacking libfontconfig1:amd64 (2.13.1-4.2ubuntu5) ...
Selecting previously unselected package libjpeg-turbo8:amd64.
Preparing to unpack .../27-libjpeg-turbo8_2.1.2-0ubuntu1_amd64.deb ...
Unpacking libjpeg-turbo8:amd64 (2.1.2-0ubuntu1) ...
Selecting previously unselected package libjpeg8:amd64.
Preparing to unpack .../28-libjpeg8_8c-2ubuntu10_amd64.deb ...
Unpacking libjpeg8:amd64 (8c-2ubuntu10) ...
Selecting previously unselected package libjbig0:amd64.
Preparing to unpack .../29-libjbig0_2.1-3.1ubuntu0.22.04.1_amd64.deb ...
Unpacking libjbig0:amd64 (2.1-3.1ubuntu0.22.04.1) ...
Selecting previously unselected package libwebp7:amd64.
Preparing to unpack .../30-libwebp7_1.2.2-2_amd64.deb ...
Unpacking libwebp7:amd64 (1.2.2-2) ...
Selecting previously unselected package libtiff5:amd64.
Preparing to unpack .../31-libtiff5_4.3.0-6ubuntu0.3_amd64.deb ...
Unpacking libtiff5:amd64 (4.3.0-6ubuntu0.3) ...
Selecting previously unselected package libxpm4:amd64.
Preparing to unpack .../32-libxpm4_1%3a3.5.12-1ubuntu0.22.04.1_amd64.deb ...
Unpacking libxpm4:amd64 (1:3.5.12-1ubuntu0.22.04.1) ...
Selecting previously unselected package libgd3:amd64.
Preparing to unpack .../33-libgd3_2.3.0-2ubuntu2_amd64.deb ...
Unpacking libgd3:amd64 (2.3.0-2ubuntu2) ...
Selecting previously unselected package nginx-common.
Preparing to unpack .../34-nginx-common_1.18.0-6ubuntu14.3_all.deb ...
Unpacking nginx-common (1.18.0-6ubuntu14.3) ...
Selecting previously unselected package libnginx-mod-http-geoip2.
Preparing to unpack .../35-libnginx-mod-http-geoip2_1.18.0-6ubuntu14.3_amd64.deb ...
Unpacking libnginx-mod-http-geoip2 (1.18.0-6ubuntu14.3) ...
Selecting previously unselected package libnginx-mod-http-image-filter.
Preparing to unpack .../36-libnginx-mod-http-image-filter_1.18.0-6ubuntu14.3_amd64.deb ...
Unpacking libnginx-mod-http-image-filter (1.18.0-6ubuntu14.3) ...
Selecting previously unselected package libxslt1.1:amd64.
Preparing to unpack .../37-libxslt1.1_1.1.34-4ubuntu0.22.04.1_amd64.deb ...
Unpacking libxslt1.1:amd64 (1.1.34-4ubuntu0.22.04.1) ...
Selecting previously unselected package libnginx-mod-http-xslt-filter.
Preparing to unpack .../38-libnginx-mod-http-xslt-filter_1.18.0-6ubuntu14.3_amd64.deb ...
Unpacking libnginx-mod-http-xslt-filter (1.18.0-6ubuntu14.3) ...
Selecting previously unselected package libnginx-mod-mail.
Preparing to unpack .../39-libnginx-mod-mail_1.18.0-6ubuntu14.3_amd64.deb ...
Unpacking libnginx-mod-mail (1.18.0-6ubuntu14.3) ...
Selecting previously unselected package libnginx-mod-stream.
Preparing to unpack .../40-libnginx-mod-stream_1.18.0-6ubuntu14.3_amd64.deb ...
Unpacking libnginx-mod-stream (1.18.0-6ubuntu14.3) ...
Selecting previously unselected package libnginx-mod-stream-geoip2.
Preparing to unpack .../41-libnginx-mod-stream-geoip2_1.18.0-6ubuntu14.3_amd64.deb ...
Unpacking libnginx-mod-stream-geoip2 (1.18.0-6ubuntu14.3) ...
Selecting previously unselected package nginx-core.
Preparing to unpack .../42-nginx-core_1.18.0-6ubuntu14.3_amd64.deb ...
Unpacking nginx-core (1.18.0-6ubuntu14.3) ...
Selecting previously unselected package nginx.
Preparing to unpack .../43-nginx_1.18.0-6ubuntu14.3_amd64.deb ...
Unpacking nginx (1.18.0-6ubuntu14.3) ...
Setting up libexpat1:amd64 (2.4.7-1ubuntu0.2) ...
Setting up libxau6:amd64 (1:1.0.9-1build5) ...
Setting up libmaxminddb0:amd64 (1.5.2-1build2) ...
Setting up libbrotli1:amd64 (1.0.9-2build6) ...
Setting up libdeflate0:amd64 (1.10-2) ...
Setting up nginx-common (1.18.0-6ubuntu14.3) ...
debconf: unable to initialize frontend: Dialog
debconf: (TERM is not set, so the dialog frontend is not usable.)
debconf: falling back to frontend: Readline
debconf: unable to initialize frontend: Readline
debconf: (Can't locate Term/ReadLine.pm in @INC (you may need to install the Term::ReadLine module) (@INC contains: /etc/perl /usr/local/lib/x86_64-linux-gnu/perl/5.34.0 /usr/local/share/perl/5.34.0 /usr/lib/x86_64-linux-gnu/perl5/5.34 /usr/share/perl5 /usr/lib/x86_64-linux-gnu/perl-base /usr/lib/x86_64-linux-gnu/perl/5.34 /usr/share/perl/5.34 /usr/local/lib/site_perl) at /usr/share/perl5/Debconf/FrontEnd/Readline.pm line 7.)
debconf: falling back to frontend: Teletype
Setting up libatm1:amd64 (1:2.5.1-4build2) ...
Setting up libjbig0:amd64 (2.1-3.1ubuntu0.22.04.1) ...
Setting up libcap2-bin (1:2.44-1build3) ...
Setting up libx11-data (2:1.7.5-1) ...
Setting up libpng16-16:amd64 (1.6.37-3build5) ...
Setting up libmnl0:amd64 (1.0.4-3build2) ...
Setting up fonts-dejavu-core (2.37-2build1) ...
Setting up ucf (3.0043) ...
debconf: unable to initialize frontend: Dialog
debconf: (TERM is not set, so the dialog frontend is not usable.)
debconf: falling back to frontend: Readline
debconf: unable to initialize frontend: Readline
debconf: (Can't locate Term/ReadLine.pm in @INC (you may need to install the Term::ReadLine module) (@INC contains: /etc/perl /usr/local/lib/x86_64-linux-gnu/perl/5.34.0 /usr/local/share/perl/5.34.0 /usr/lib/x86_64-linux-gnu/perl5/5.34 /usr/share/perl5 /usr/lib/x86_64-linux-gnu/perl-base /usr/lib/x86_64-linux-gnu/perl/5.34 /usr/share/perl/5.34 /usr/local/lib/site_perl) at /usr/share/perl5/Debconf/FrontEnd/Readline.pm line 7.)
debconf: falling back to frontend: Teletype
Setting up libjpeg-turbo8:amd64 (2.1.2-0ubuntu1) ...
Setting up libxtables12:amd64 (1.8.7-1ubuntu5) ...
Setting up libwebp7:amd64 (1.2.2-2) ...
Setting up libmd0:amd64 (1.0.4-1build1) ...
Setting up libnginx-mod-http-geoip2 (1.18.0-6ubuntu14.3) ...
Setting up libbsd0:amd64 (0.11.5-1) ...
Setting up libelf1:amd64 (0.186-1build1) ...
Setting up libpam-cap:amd64 (1:2.44-1build3) ...
debconf: unable to initialize frontend: Dialog
debconf: (TERM is not set, so the dialog frontend is not usable.)
debconf: falling back to frontend: Readline
debconf: unable to initialize frontend: Readline
debconf: (Can't locate Term/ReadLine.pm in @INC (you may need to install the Term::ReadLine module) (@INC contains: /etc/perl /usr/local/lib/x86_64-linux-gnu/perl/5.34.0 /usr/local/share/perl/5.34.0 /usr/lib/x86_64-linux-gnu/perl5/5.34 /usr/share/perl5 /usr/lib/x86_64-linux-gnu/perl-base /usr/lib/x86_64-linux-gnu/perl/5.34 /usr/share/perl/5.34 /usr/local/lib/site_perl) at /usr/share/perl5/Debconf/FrontEnd/Readline.pm line 7.)
debconf: falling back to frontend: Teletype
Setting up libicu70:amd64 (70.1-2) ...
Setting up libjpeg8:amd64 (8c-2ubuntu10) ...
Setting up libnginx-mod-mail (1.18.0-6ubuntu14.3) ...
Setting up libxdmcp6:amd64 (1:1.1.3-0ubuntu5) ...
Setting up libxcb1:amd64 (1.14-3ubuntu3) ...
Setting up fontconfig-config (2.13.1-4.2ubuntu5) ...
Setting up libnginx-mod-stream (1.18.0-6ubuntu14.3) ...
Setting up libfreetype6:amd64 (2.11.1+dfsg-1ubuntu0.1) ...
Setting up libx11-6:amd64 (2:1.7.5-1) ...
Setting up libtiff5:amd64 (4.3.0-6ubuntu0.3) ...
Setting up libfontconfig1:amd64 (2.13.1-4.2ubuntu5) ...
Setting up libbpf0:amd64 (1:0.5.0-1ubuntu22.04.1) ...
Setting up libnginx-mod-stream-geoip2 (1.18.0-6ubuntu14.3) ...
Setting up libxml2:amd64 (2.9.13+dfsg-1ubuntu0.2) ...
Setting up libxpm4:amd64 (1:3.5.12-1ubuntu0.22.04.1) ...
Setting up iproute2 (5.15.0-1ubuntu2) ...
debconf: unable to initialize frontend: Dialog
debconf: (TERM is not set, so the dialog frontend is not usable.)
debconf: falling back to frontend: Readline
debconf: unable to initialize frontend: Readline
debconf: (Can't locate Term/ReadLine.pm in @INC (you may need to install the Term::ReadLine module) (@INC contains: /etc/perl /usr/local/lib/x86_64-linux-gnu/perl/5.34.0 /usr/local/share/perl/5.34.0 /usr/lib/x86_64-linux-gnu/perl5/5.34 /usr/share/perl5 /usr/lib/x86_64-linux-gnu/perl-base /usr/lib/x86_64-linux-gnu/perl/5.34 /usr/share/perl/5.34 /usr/local/lib/site_perl) at /usr/share/perl5/Debconf/FrontEnd/Readline.pm line 7.)
debconf: falling back to frontend: Teletype
Setting up libgd3:amd64 (2.3.0-2ubuntu2) ...
Setting up libxslt1.1:amd64 (1.1.34-4ubuntu0.22.04.1) ...
Setting up libnginx-mod-http-image-filter (1.18.0-6ubuntu14.3) ...
Setting up libnginx-mod-http-xslt-filter (1.18.0-6ubuntu14.3) ...
Setting up nginx-core (1.18.0-6ubuntu14.3) ...
invoke-rc.d: could not determine current runlevel
invoke-rc.d: policy-rc.d denied execution of start.
Setting up nginx (1.18.0-6ubuntu14.3) ...
Processing triggers for libc-bin (2.35-0ubuntu3.1) ...
Removing intermediate container 1d9a6601ed26
 ---> b966599c8b49
Step 5/5 : CMD [“echo”,”Image created”]
 ---> Running in f5ff42c14e07
Removing intermediate container f5ff42c14e07
 ---> bd17562748af
Successfully built bd17562748af
[root@ip-172-31-1-135 test]#
[root@ip-172-31-1-135 test]#
[root@ip-172-31-1-135 test]#
[root@ip-172-31-1-135 test]# docker images
REPOSITORY   TAG       IMAGE ID       CREATED          SIZE
<none>       <none>    bd17562748af   43 seconds ago   175MB
nginx        latest    3f8a00f137a0   2 weeks ago      142MB
ubuntu       latest    58db3edaf2be   4 weeks ago      77.8MB
[root@ip-172-31-1-135 test]#
[root@ip-172-31-1-135 test]#
[root@ip-172-31-1-135 test]#





